[dotenv@17.2.3] injecting env (6) from .env -- tip: ≡ƒöæ add access controls to secrets: https://dotenvx.com/ops
node : node:internal/m
odules/cjs/loader:1368
At line:1 char:1
+ node index.js > 
error_log.txt 2>&1
+ ~~~~~~~~~~~~~~~~~~~~
~~~~~~~~~~~~~~
    + CategoryInfo    
          : NotSpeci  
  fied: (node:inter   
 nal/modules/cjs/l    
oader:1368:String    
) [], RemoteExcep    
tion
    + FullyQualifiedE 
   rrorId : NativeCo  
  mmandError
 
  throw err;
  ^

Error: Cannot find 
module 
'../middleware/auth'
Require stack:
- D:\Antigravity\PMS\s
erver\routes\pf.js
- D:\Antigravity\PMS\s
erver\index.js
    at Function._resol
veFilename (node:inter
nal/modules/cjs/loader
:1365:15)
    at 
defaultResolveImpl (no
de:internal/modules/cj
s/loader:1021:19)
    at resolveForCJSWi
thHooks (node:internal
/modules/cjs/loader:10
26:22)
    at Function._load 
(node:internal/modules
/cjs/loader:1175:37)
    at TracingChannel.
traceSync (node:diagno
stics_channel:322:14)
    at wrapModuleLoad 
(node:internal/modules
/cjs/loader:235:24)
    at Module.require 
(node:internal/modules
/cjs/loader:1445:12)
    at require (node:i
nternal/modules/helper
s:135:16)
    at 
Object.<anonymous> (D:
\Antigravity\PMS\serve
r\routes\pf.js:8:27)
    at 
Module._compile (node:
internal/modules/cjs/l
oader:1688:14) {
  code: 
'MODULE_NOT_FOUND',
  requireStack: [
    'D:\\Antigravity\\
PMS\\server\\routes\\p
f.js',
    'D:\\Antigravity\\
PMS\\server\\index.js'
  ]
}

Node.js v22.18.0
